// Jest Snapshot v1, https://goo.gl/fbAQLP

exports[`Login Snapshot tests it matches the snapshot 1`] = `
.c1 {
  outline: none;
  cursor: pointer;
  border: 0 none;
  -webkit-transition: background ease 0.3s;
  transition: background ease 0.3s;
  background-color: #F25C05;
  color: #FFFFFF;
}

.c1:hover {
  background-color: #DD5202;
}

.c1:active {
  background-color: #FF7626;
}

.c2 {
  border: 0;
  border-radius: 8px;
  padding: 8px 16px;
  margin: 4px;
  font-weight: 700;
  width: 100%;
  margin: 0;
}

.c0 {
  width: 200px;
  margin: 10vw auto 0;
}

<div
  class="c0"
>
  <button
    class="c1 c2"
  >
    Login
  </button>
</div>
`;
