// Jest Snapshot v1, https://goo.gl/fbAQLP

exports[`ProductCartItem Snapshot tests it matches the snapshot 1`] = `null`;
