// Jest Snapshot v1, https://goo.gl/fbAQLP

exports[`ErrorHandler Snapshot tests it matches the snapshot 1`] = `
.c0 {
  margin: 10vh auto 0;
  background: #FFECEC;
  padding: 16px;
  width: 260px;
  border-radius: 6px;
  color: #9C2828;
}

.c1 {
  text-align: center;
  font-size: 24px;
  margin: 4px;
}

.c2 {
  text-align: center;
  font-size: 24px;
  font-weight: bold;
  margin-bottom: 16px;
}

.c3 {
  font-size: 16px;
  margin-bottom: 16px;
  text-align: center;
}

.c4 {
  font-size: 10px;
  font-weight: bold;
  text-align: center;
  margin-bottom: 4px;
}

.c5 {
  background: #FFCCCC;
  margin: 0;
  color: initial;
  padding: 16px 10px;
  font-size: 13px;
  border-radius: 4px;
  font-family: monospace;
}

<div
  class="c0"
>
  <div
    class="c1"
  >
    <svg
      aria-hidden="true"
      class="svg-inline--fa fa-cloud-showers-heavy fa-w-16 "
      data-icon="cloud-showers-heavy"
      data-prefix="fas"
      focusable="false"
      role="img"
      viewBox="0 0 512 512"
      xmlns="http://www.w3.org/2000/svg"
    >
      <path
        d="M183.9 370.1c-7.6-4.4-17.4-1.8-21.8 6l-64 112c-4.4 7.7-1.7 17.5 6 21.8 2.5 1.4 5.2 2.1 7.9 2.1 5.5 0 10.9-2.9 13.9-8.1l64-112c4.4-7.6 1.7-17.4-6-21.8zm96 0c-7.6-4.4-17.4-1.8-21.8 6l-64 112c-4.4 7.7-1.7 17.5 6 21.8 2.5 1.4 5.2 2.1 7.9 2.1 5.5 0 10.9-2.9 13.9-8.1l64-112c4.4-7.6 1.7-17.4-6-21.8zm-192 0c-7.6-4.4-17.4-1.8-21.8 6l-64 112c-4.4 7.7-1.7 17.5 6 21.8 2.5 1.4 5.2 2.1 7.9 2.1 5.5 0 10.9-2.9 13.9-8.1l64-112c4.4-7.6 1.7-17.4-6-21.8zm384 0c-7.6-4.4-17.4-1.8-21.8 6l-64 112c-4.4 7.7-1.7 17.5 6 21.8 2.5 1.4 5.2 2.1 7.9 2.1 5.5 0 10.9-2.9 13.9-8.1l64-112c4.4-7.6 1.7-17.4-6-21.8zm-96 0c-7.6-4.4-17.4-1.8-21.8 6l-64 112c-4.4 7.7-1.7 17.5 6 21.8 2.5 1.4 5.2 2.1 7.9 2.1 5.5 0 10.9-2.9 13.9-8.1l64-112c4.4-7.6 1.7-17.4-6-21.8zM416 128c-.6 0-1.1.2-1.6.2 1.1-5.2 1.6-10.6 1.6-16.2 0-44.2-35.8-80-80-80-24.6 0-46.3 11.3-61 28.8C256.4 24.8 219.3 0 176 0 114.2 0 64 50.1 64 112c0 7.3.8 14.3 2.1 21.2C27.8 145.8 0 181.5 0 224c0 53 43 96 96 96h320c53 0 96-43 96-96s-43-96-96-96z"
        fill="currentColor"
      />
    </svg>
  </div>
  <div
    class="c2"
  >
    Error
  </div>
  <div
    class="c3"
  >
    Sorry, we've encountered an issue
  </div>
  <div
    class="c4"
  >
    error details:
  </div>
  <div
    class="c5"
  >
    message
  </div>
</div>
`;

exports[`ErrorHandler Snapshot tests it matches the snapshot for mode singleLine 1`] = `
.c0 {
  margin: 1vh auto;
  background: #FFECEC;
  padding: 16px;
  width: 260px;
  border-radius: 6px;
  color: #9C2828;
}

.c1 {
  text-align: center;
  font-size: 24px;
  margin: 4px;
}

.c2 {
  text-align: center;
  font-size: 24px;
  font-weight: bold;
  margin-bottom: 16px;
}

.c3 {
  font-size: 16px;
  margin-bottom: 16px;
  text-align: center;
}

.c4 {
  font-size: 10px;
  font-weight: bold;
  text-align: center;
  margin-bottom: 4px;
}

.c5 {
  background: #FFCCCC;
  margin: 0;
  color: initial;
  padding: 16px 10px;
  font-size: 13px;
  border-radius: 4px;
  font-family: monospace;
}

<div
  class="c0"
>
  <div
    class="c1"
  >
    <svg
      aria-hidden="true"
      class="svg-inline--fa fa-cloud-showers-heavy fa-w-16 "
      data-icon="cloud-showers-heavy"
      data-prefix="fas"
      focusable="false"
      role="img"
      viewBox="0 0 512 512"
      xmlns="http://www.w3.org/2000/svg"
    >
      <path
        d="M183.9 370.1c-7.6-4.4-17.4-1.8-21.8 6l-64 112c-4.4 7.7-1.7 17.5 6 21.8 2.5 1.4 5.2 2.1 7.9 2.1 5.5 0 10.9-2.9 13.9-8.1l64-112c4.4-7.6 1.7-17.4-6-21.8zm96 0c-7.6-4.4-17.4-1.8-21.8 6l-64 112c-4.4 7.7-1.7 17.5 6 21.8 2.5 1.4 5.2 2.1 7.9 2.1 5.5 0 10.9-2.9 13.9-8.1l64-112c4.4-7.6 1.7-17.4-6-21.8zm-192 0c-7.6-4.4-17.4-1.8-21.8 6l-64 112c-4.4 7.7-1.7 17.5 6 21.8 2.5 1.4 5.2 2.1 7.9 2.1 5.5 0 10.9-2.9 13.9-8.1l64-112c4.4-7.6 1.7-17.4-6-21.8zm384 0c-7.6-4.4-17.4-1.8-21.8 6l-64 112c-4.4 7.7-1.7 17.5 6 21.8 2.5 1.4 5.2 2.1 7.9 2.1 5.5 0 10.9-2.9 13.9-8.1l64-112c4.4-7.6 1.7-17.4-6-21.8zm-96 0c-7.6-4.4-17.4-1.8-21.8 6l-64 112c-4.4 7.7-1.7 17.5 6 21.8 2.5 1.4 5.2 2.1 7.9 2.1 5.5 0 10.9-2.9 13.9-8.1l64-112c4.4-7.6 1.7-17.4-6-21.8zM416 128c-.6 0-1.1.2-1.6.2 1.1-5.2 1.6-10.6 1.6-16.2 0-44.2-35.8-80-80-80-24.6 0-46.3 11.3-61 28.8C256.4 24.8 219.3 0 176 0 114.2 0 64 50.1 64 112c0 7.3.8 14.3 2.1 21.2C27.8 145.8 0 181.5 0 224c0 53 43 96 96 96h320c53 0 96-43 96-96s-43-96-96-96z"
        fill="currentColor"
      />
    </svg>
  </div>
  <div
    class="c2"
  >
    Error
  </div>
  <div
    class="c3"
  >
    Sorry, we've encountered an issue
  </div>
  <div
    class="c4"
  >
    error details:
  </div>
  <div
    class="c5"
  >
    message
  </div>
</div>
`;

exports[`ErrorHandler Snapshot tests it matches the snapshot for mode tiny 1`] = `
.c0 {
  position: relative;
  display: inline-block;
  z-index: +1;
}

.c1 {
  cursor: pointer;
}

.c2 {
  background: #FFECEC;
  border-radius: 50%;
  padding: 4px;
  width: 34px;
  color: #9C2828;
  margin-left: 4px;
}

.c3 {
  text-align: center;
  font-size: 24px;
  margin: 4px;
}

<div
  class="c0"
>
  <div
    class="c1"
  >
    <div
      class="c2"
    >
      <div
        class="c3"
      >
        <svg
          aria-hidden="true"
          class="svg-inline--fa fa-cloud-showers-heavy fa-w-16 "
          data-icon="cloud-showers-heavy"
          data-prefix="fas"
          focusable="false"
          role="img"
          viewBox="0 0 512 512"
          xmlns="http://www.w3.org/2000/svg"
        >
          <path
            d="M183.9 370.1c-7.6-4.4-17.4-1.8-21.8 6l-64 112c-4.4 7.7-1.7 17.5 6 21.8 2.5 1.4 5.2 2.1 7.9 2.1 5.5 0 10.9-2.9 13.9-8.1l64-112c4.4-7.6 1.7-17.4-6-21.8zm96 0c-7.6-4.4-17.4-1.8-21.8 6l-64 112c-4.4 7.7-1.7 17.5 6 21.8 2.5 1.4 5.2 2.1 7.9 2.1 5.5 0 10.9-2.9 13.9-8.1l64-112c4.4-7.6 1.7-17.4-6-21.8zm-192 0c-7.6-4.4-17.4-1.8-21.8 6l-64 112c-4.4 7.7-1.7 17.5 6 21.8 2.5 1.4 5.2 2.1 7.9 2.1 5.5 0 10.9-2.9 13.9-8.1l64-112c4.4-7.6 1.7-17.4-6-21.8zm384 0c-7.6-4.4-17.4-1.8-21.8 6l-64 112c-4.4 7.7-1.7 17.5 6 21.8 2.5 1.4 5.2 2.1 7.9 2.1 5.5 0 10.9-2.9 13.9-8.1l64-112c4.4-7.6 1.7-17.4-6-21.8zm-96 0c-7.6-4.4-17.4-1.8-21.8 6l-64 112c-4.4 7.7-1.7 17.5 6 21.8 2.5 1.4 5.2 2.1 7.9 2.1 5.5 0 10.9-2.9 13.9-8.1l64-112c4.4-7.6 1.7-17.4-6-21.8zM416 128c-.6 0-1.1.2-1.6.2 1.1-5.2 1.6-10.6 1.6-16.2 0-44.2-35.8-80-80-80-24.6 0-46.3 11.3-61 28.8C256.4 24.8 219.3 0 176 0 114.2 0 64 50.1 64 112c0 7.3.8 14.3 2.1 21.2C27.8 145.8 0 181.5 0 224c0 53 43 96 96 96h320c53 0 96-43 96-96s-43-96-96-96z"
            fill="currentColor"
          />
        </svg>
      </div>
    </div>
  </div>
</div>
`;
