// Jest Snapshot v1, https://goo.gl/fbAQLP

exports[`Radios Snapshot tests it matches the snapshot 1`] = `
.c0 {
  display: -webkit-box;
  display: -webkit-flex;
  display: -ms-flexbox;
  display: flex;
  gap: 16px;
}

<div
  class="c0"
>
  test
</div>
`;
