// Jest Snapshot v1, https://goo.gl/fbAQLP

exports[`OrderList Snapshot tests it matches the snapshot for basic use 1`] = `
.c11 {
  outline: none;
  cursor: pointer;
  border: 0 none;
  -webkit-transition: background ease 0.3s;
  transition: background ease 0.3s;
  background-color: #F25C05;
  color: #FFFFFF;
}

.c11:hover {
  background-color: #DD5202;
}

.c11:active {
  background-color: #FF7626;
}

.c12 {
  border: 0;
  border-radius: 8px;
  padding: 8px 16px;
  margin: 4px;
  font-weight: 700;
  width: 100%;
  margin: 0;
}

.c0 {
  margin: 30px 0;
}

.c1 {
  padding-left: 20px;
  margin: 30px 0;
  display: -webkit-box;
  display: -webkit-flex;
  display: -ms-flexbox;
  display: flex;
  -webkit-align-items: center;
  -webkit-box-align: center;
  -ms-flex-align: center;
  align-items: center;
}

.c2 {
  display: -webkit-box;
  display: -webkit-flex;
  display: -ms-flexbox;
  display: flex;
  padding: 2px;
  -webkit-align-items: center;
  -webkit-box-align: center;
  -ms-flex-align: center;
  align-items: center;
  text-align: center;
  width: 45px;
  height: 45px;
  background: #f4f4f4;
  border-radius: 10px;
}

.c3 {
  margin: auto;
  color: rgba(0,0,0,0.25);
  font-size: 25px;
  font-weight: bold;
  text-transform: uppercase;
}

.c4 {
  padding-left: 15px;
  padding-right: 15px;
  width: 35%;
}

.c5 {
  color: #0b0b0b;
  font-size: 16px;
  font-weight: 700;
  padding: 5px 0;
}

.c6 {
  font-size: 12px;
  font-weight: 400;
  padding: 5px 0;
}

.c7 {
  padding-left: 35px;
  padding-right: 15px;
  text-align: right;
  width: 25%;
}

.c8 {
  font-size: 14px;
  font-weight: 600;
  color: #F25C05;
  padding: 5px 0;
}

.c9 {
  font-size: 12px;
  font-weight: 400;
  padding: 5px 0;
}

.c10 {
  padding-left: 10px;
  padding-right: 10px;
  width: 150px;
}

.c13 {
  padding-left: 10px;
  padding-right: 10px;
  width: 150px;
}

<div
  class="c0"
>
  <div
    class="c1"
  >
    <div
      class="c2"
    >
      <span
        class="c3"
      >
        BF
      </span>
    </div>
    <div
      class="c4"
    >
      <div
        class="c5"
      >
        Ben's Food
      </div>
      <div
        class="c6"
      >
        <b>
          created:
        </b>
         
        15/03/2021
      </div>
    </div>
    <div
      class="c7"
    >
      <div
        class="c8"
      >
        2
         items
      </div>
      <div
        class="c9"
      >
        <b>
          Expected delivery
          :
        </b>
         
        18/03/2021
      </div>
    </div>
    <div
      class="c10"
    >
      <button
        class="c11 c12"
      >
        Order again
      </button>
    </div>
    <div
      class="c13"
    >
      <button
        class="c11 c12"
      >
        Edit order
      </button>
    </div>
  </div>
</div>
`;
