// Jest Snapshot v1, https://goo.gl/fbAQLP

exports[`Searchbar Snapshot tests it matches the snapshot 1`] = `
.c0 {
  border-radius: 10px;
  height: 30px;
  display: -webkit-box;
  display: -webkit-flex;
  display: -ms-flexbox;
  display: flex;
  -webkit-align-items: center;
  -webkit-box-align: center;
  -ms-flex-align: center;
  align-items: center;
  background: #EEEEEE;
  padding: 6px 12px;
  position: relative;
  -webkit-transition: background ease 0.2s;
  transition: background ease 0.2s;
}

.c0:hover,
.c0:active {
  background: #F3F3F3;
}

.c1 {
  font-size: 22px;
  padding-right: 12px;
  border-right: 1px solid #F25C05;
  margin-right: 12px;
}

.c2 {
  position: absolute;
  left: 0;
  top: 0;
  bottom: 0;
  padding-left: 60px;
  width: calc(100% - 60px);
  outline: none;
  border: none;
  background: none;
}

<div
  class="c0"
>
  <div
    class="c1"
  >
    <svg
      aria-hidden="true"
      class="svg-inline--fa fa-search fa-w-16 "
      data-icon="search"
      data-prefix="fas"
      focusable="false"
      role="img"
      viewBox="0 0 512 512"
      xmlns="http://www.w3.org/2000/svg"
    >
      <path
        d="M505 442.7L405.3 343c-4.5-4.5-10.6-7-17-7H372c27.6-35.3 44-79.7 44-128C416 93.1 322.9 0 208 0S0 93.1 0 208s93.1 208 208 208c48.3 0 92.7-16.4 128-44v16.3c0 6.4 2.5 12.5 7 17l99.7 99.7c9.4 9.4 24.6 9.4 33.9 0l28.3-28.3c9.4-9.4 9.4-24.6.1-34zM208 336c-70.7 0-128-57.2-128-128 0-70.7 57.2-128 128-128 70.7 0 128 57.2 128 128 0 70.7-57.2 128-128 128z"
        fill="currentColor"
      />
    </svg>
  </div>
  <input
    class="c2"
    placeholder="Search for a supplier or a product"
    value="1"
  />
</div>
`;
